------------------------------------------------------------
Timing Analyzer Summary
------------------------------------------------------------

Type  : Slow 1100mV 85C Model Setup 'u6|sdram_pll1|sdram_pll_inst|altera_pll_i|general[0].gpll~PLL_OUTPUT_COUNTER|divclk'
Slack : -1.374
TNS   : -20.105

Type  : Slow 1100mV 85C Model Setup 'clk_dram_ext'
Slack : 0.511
TNS   : 0.000

Type  : Slow 1100mV 85C Model Setup 'CLOCK_50'
Slack : 16.104
TNS   : 0.000

Type  : Slow 1100mV 85C Model Setup 'TD_CLK27'
Slack : 30.328
TNS   : 0.000

Type  : Slow 1100mV 85C Model Hold 'TD_CLK27'
Slack : 0.282
TNS   : 0.000

Type  : Slow 1100mV 85C Model Hold 'CLOCK_50'
Slack : 0.373
TNS   : 0.000

Type  : Slow 1100mV 85C Model Hold 'u6|sdram_pll1|sdram_pll_inst|altera_pll_i|general[0].gpll~PLL_OUTPUT_COUNTER|divclk'
Slack : 0.505
TNS   : 0.000

Type  : Slow 1100mV 85C Model Hold 'clk_dram_ext'
Slack : 1.320
TNS   : 0.000

Type  : Slow 1100mV 85C Model Recovery 'TD_CLK27'
Slack : 35.231
TNS   : 0.000

Type  : Slow 1100mV 85C Model Removal 'TD_CLK27'
Slack : 0.536
TNS   : 0.000

Type  : Slow 1100mV 85C Model Minimum Pulse Width 'u6|sdram_pll1|sdram_pll_inst|altera_pll_i|general[0].gpll~FRACTIONAL_PLL|vcoph[0]'
Slack : 0.555
TNS   : 0.000

Type  : Slow 1100mV 85C Model Minimum Pulse Width 'u6|sdram_pll1|sdram_pll_inst|altera_pll_i|general[0].gpll~PLL_OUTPUT_COUNTER|divclk'
Slack : 3.764
TNS   : 0.000

Type  : Slow 1100mV 85C Model Minimum Pulse Width 'u6|sdram_pll1|sdram_pll_inst|altera_pll_i|general[1].gpll~PLL_OUTPUT_COUNTER|divclk'
Slack : 4.831
TNS   : 0.000

Type  : Slow 1100mV 85C Model Minimum Pulse Width 'CLOCK_50'
Slack : 9.218
TNS   : 0.000

Type  : Slow 1100mV 85C Model Minimum Pulse Width 'TD_CLK27'
Slack : 17.392
TNS   : 0.000

Type  : Slow 1100mV 0C Model Setup 'u6|sdram_pll1|sdram_pll_inst|altera_pll_i|general[0].gpll~PLL_OUTPUT_COUNTER|divclk'
Slack : -1.031
TNS   : -14.766

Type  : Slow 1100mV 0C Model Setup 'clk_dram_ext'
Slack : 0.626
TNS   : 0.000

Type  : Slow 1100mV 0C Model Setup 'CLOCK_50'
Slack : 16.151
TNS   : 0.000

Type  : Slow 1100mV 0C Model Setup 'TD_CLK27'
Slack : 30.216
TNS   : 0.000

Type  : Slow 1100mV 0C Model Hold 'TD_CLK27'
Slack : 0.180
TNS   : 0.000

Type  : Slow 1100mV 0C Model Hold 'CLOCK_50'
Slack : 0.373
TNS   : 0.000

Type  : Slow 1100mV 0C Model Hold 'u6|sdram_pll1|sdram_pll_inst|altera_pll_i|general[0].gpll~PLL_OUTPUT_COUNTER|divclk'
Slack : 0.382
TNS   : 0.000

Type  : Slow 1100mV 0C Model Hold 'clk_dram_ext'
Slack : 1.381
TNS   : 0.000

Type  : Slow 1100mV 0C Model Recovery 'TD_CLK27'
Slack : 35.337
TNS   : 0.000

Type  : Slow 1100mV 0C Model Removal 'TD_CLK27'
Slack : 0.450
TNS   : 0.000

Type  : Slow 1100mV 0C Model Minimum Pulse Width 'u6|sdram_pll1|sdram_pll_inst|altera_pll_i|general[0].gpll~FRACTIONAL_PLL|vcoph[0]'
Slack : 0.555
TNS   : 0.000

Type  : Slow 1100mV 0C Model Minimum Pulse Width 'u6|sdram_pll1|sdram_pll_inst|altera_pll_i|general[0].gpll~PLL_OUTPUT_COUNTER|divclk'
Slack : 3.745
TNS   : 0.000

Type  : Slow 1100mV 0C Model Minimum Pulse Width 'u6|sdram_pll1|sdram_pll_inst|altera_pll_i|general[1].gpll~PLL_OUTPUT_COUNTER|divclk'
Slack : 4.794
TNS   : 0.000

Type  : Slow 1100mV 0C Model Minimum Pulse Width 'CLOCK_50'
Slack : 9.278
TNS   : 0.000

Type  : Slow 1100mV 0C Model Minimum Pulse Width 'TD_CLK27'
Slack : 17.428
TNS   : 0.000

Type  : Fast 1100mV 85C Model Setup 'u6|sdram_pll1|sdram_pll_inst|altera_pll_i|general[0].gpll~PLL_OUTPUT_COUNTER|divclk'
Slack : 1.769
TNS   : 0.000

Type  : Fast 1100mV 85C Model Setup 'clk_dram_ext'
Slack : 1.981
TNS   : 0.000

Type  : Fast 1100mV 85C Model Setup 'CLOCK_50'
Slack : 17.681
TNS   : 0.000

Type  : Fast 1100mV 85C Model Setup 'TD_CLK27'
Slack : 33.240
TNS   : 0.000

Type  : Fast 1100mV 85C Model Hold 'TD_CLK27'
Slack : 0.181
TNS   : 0.000

Type  : Fast 1100mV 85C Model Hold 'CLOCK_50'
Slack : 0.185
TNS   : 0.000

Type  : Fast 1100mV 85C Model Hold 'u6|sdram_pll1|sdram_pll_inst|altera_pll_i|general[0].gpll~PLL_OUTPUT_COUNTER|divclk'
Slack : 0.297
TNS   : 0.000

Type  : Fast 1100mV 85C Model Hold 'clk_dram_ext'
Slack : 2.165
TNS   : 0.000

Type  : Fast 1100mV 85C Model Recovery 'TD_CLK27'
Slack : 35.804
TNS   : 0.000

Type  : Fast 1100mV 85C Model Removal 'TD_CLK27'
Slack : 0.301
TNS   : 0.000

Type  : Fast 1100mV 85C Model Minimum Pulse Width 'u6|sdram_pll1|sdram_pll_inst|altera_pll_i|general[0].gpll~FRACTIONAL_PLL|vcoph[0]'
Slack : 0.555
TNS   : 0.000

Type  : Fast 1100mV 85C Model Minimum Pulse Width 'u6|sdram_pll1|sdram_pll_inst|altera_pll_i|general[0].gpll~PLL_OUTPUT_COUNTER|divclk'
Slack : 3.884
TNS   : 0.000

Type  : Fast 1100mV 85C Model Minimum Pulse Width 'u6|sdram_pll1|sdram_pll_inst|altera_pll_i|general[1].gpll~PLL_OUTPUT_COUNTER|divclk'
Slack : 4.903
TNS   : 0.000

Type  : Fast 1100mV 85C Model Minimum Pulse Width 'CLOCK_50'
Slack : 9.099
TNS   : 0.000

Type  : Fast 1100mV 85C Model Minimum Pulse Width 'TD_CLK27'
Slack : 16.997
TNS   : 0.000

Type  : Fast 1100mV 0C Model Setup 'u6|sdram_pll1|sdram_pll_inst|altera_pll_i|general[0].gpll~PLL_OUTPUT_COUNTER|divclk'
Slack : 2.012
TNS   : 0.000

Type  : Fast 1100mV 0C Model Setup 'clk_dram_ext'
Slack : 2.091
TNS   : 0.000

Type  : Fast 1100mV 0C Model Setup 'CLOCK_50'
Slack : 17.866
TNS   : 0.000

Type  : Fast 1100mV 0C Model Setup 'TD_CLK27'
Slack : 33.454
TNS   : 0.000

Type  : Fast 1100mV 0C Model Hold 'TD_CLK27'
Slack : 0.126
TNS   : 0.000

Type  : Fast 1100mV 0C Model Hold 'CLOCK_50'
Slack : 0.176
TNS   : 0.000

Type  : Fast 1100mV 0C Model Hold 'u6|sdram_pll1|sdram_pll_inst|altera_pll_i|general[0].gpll~PLL_OUTPUT_COUNTER|divclk'
Slack : 0.197
TNS   : 0.000

Type  : Fast 1100mV 0C Model Hold 'clk_dram_ext'
Slack : 2.145
TNS   : 0.000

Type  : Fast 1100mV 0C Model Recovery 'TD_CLK27'
Slack : 35.927
TNS   : 0.000

Type  : Fast 1100mV 0C Model Removal 'TD_CLK27'
Slack : 0.234
TNS   : 0.000

Type  : Fast 1100mV 0C Model Minimum Pulse Width 'u6|sdram_pll1|sdram_pll_inst|altera_pll_i|general[0].gpll~FRACTIONAL_PLL|vcoph[0]'
Slack : 0.555
TNS   : 0.000

Type  : Fast 1100mV 0C Model Minimum Pulse Width 'u6|sdram_pll1|sdram_pll_inst|altera_pll_i|general[0].gpll~PLL_OUTPUT_COUNTER|divclk'
Slack : 3.883
TNS   : 0.000

Type  : Fast 1100mV 0C Model Minimum Pulse Width 'u6|sdram_pll1|sdram_pll_inst|altera_pll_i|general[1].gpll~PLL_OUTPUT_COUNTER|divclk'
Slack : 4.900
TNS   : 0.000

Type  : Fast 1100mV 0C Model Minimum Pulse Width 'CLOCK_50'
Slack : 9.064
TNS   : 0.000

Type  : Fast 1100mV 0C Model Minimum Pulse Width 'TD_CLK27'
Slack : 16.953
TNS   : 0.000

------------------------------------------------------------
