------------------------------------------------------------
Timing Analyzer Summary
------------------------------------------------------------

Type  : Slow 1100mV 85C Model Setup 'clk'
Slack : -5.156
TNS   : -97.456

Type  : Slow 1100mV 85C Model Setup 'SlowClock:U1|slow_clk'
Slack : -1.048
TNS   : -1.445

Type  : Slow 1100mV 85C Model Hold 'SlowClock:U1|slow_clk'
Slack : 0.353
TNS   : 0.000

Type  : Slow 1100mV 85C Model Hold 'clk'
Slack : 0.380
TNS   : 0.000

Type  : Slow 1100mV 85C Model Minimum Pulse Width 'clk'
Slack : -0.449
TNS   : -17.405

Type  : Slow 1100mV 85C Model Minimum Pulse Width 'SlowClock:U1|slow_clk'
Slack : -0.394
TNS   : -1.020

Type  : Slow 1100mV 0C Model Setup 'clk'
Slack : -5.254
TNS   : -95.925

Type  : Slow 1100mV 0C Model Setup 'SlowClock:U1|slow_clk'
Slack : -1.043
TNS   : -1.420

Type  : Slow 1100mV 0C Model Hold 'SlowClock:U1|slow_clk'
Slack : 0.315
TNS   : 0.000

Type  : Slow 1100mV 0C Model Hold 'clk'
Slack : 0.379
TNS   : 0.000

Type  : Slow 1100mV 0C Model Minimum Pulse Width 'clk'
Slack : -0.432
TNS   : -18.740

Type  : Slow 1100mV 0C Model Minimum Pulse Width 'SlowClock:U1|slow_clk'
Slack : -0.394
TNS   : -1.024

Type  : Fast 1100mV 85C Model Setup 'clk'
Slack : -2.919
TNS   : -41.964

Type  : Fast 1100mV 85C Model Setup 'SlowClock:U1|slow_clk'
Slack : -0.366
TNS   : -0.366

Type  : Fast 1100mV 85C Model Hold 'SlowClock:U1|slow_clk'
Slack : 0.164
TNS   : 0.000

Type  : Fast 1100mV 85C Model Hold 'clk'
Slack : 0.200
TNS   : 0.000

Type  : Fast 1100mV 85C Model Minimum Pulse Width 'clk'
Slack : -0.431
TNS   : -3.357

Type  : Fast 1100mV 85C Model Minimum Pulse Width 'SlowClock:U1|slow_clk'
Slack : 0.138
TNS   : 0.000

Type  : Fast 1100mV 0C Model Setup 'clk'
Slack : -2.539
TNS   : -36.856

Type  : Fast 1100mV 0C Model Setup 'SlowClock:U1|slow_clk'
Slack : -0.300
TNS   : -0.300

Type  : Fast 1100mV 0C Model Hold 'SlowClock:U1|slow_clk'
Slack : 0.132
TNS   : 0.000

Type  : Fast 1100mV 0C Model Hold 'clk'
Slack : 0.190
TNS   : 0.000

Type  : Fast 1100mV 0C Model Minimum Pulse Width 'clk'
Slack : -0.407
TNS   : -3.295

Type  : Fast 1100mV 0C Model Minimum Pulse Width 'SlowClock:U1|slow_clk'
Slack : 0.143
TNS   : 0.000

------------------------------------------------------------
